tests/builtin/constant-assign.v:2:0: cannot assign to constant
x = u64 456;
^^^^^^^^^^^
