tests/builtin/define-lookup-1.v:3:0: cannot access value at compile time
t () u64 0;
^
