(semicolon
    (juxtapose
        (symbol_name _eval)
        (juxtapose
            (symbol_name foo)
            (brackets
                (comma
                    (symbol_name bar)
                    (symbol_name baz)
                )
            )
        )
    )
    (semicolon
        (symbol_name bar)
        (symbol_name baz)
    )
)
