(literal_integer 16703571626015105435307505830654230989)
