(juxtapose
    (symbol_name _add)
    (juxtapose
        (juxtapose
            (symbol_name _multiply)
            (juxtapose
                (symbol_name a)
                (symbol_name b)
            )
        )
        (symbol_name c)
    )
)
