(semicolon
    (at
        (symbol_name a)
    )
    (symbol_name b)
)
